// Jest Snapshot v1, https://goo.gl/fbAQLP

exports[`should render ExpenseListItem correctly 1`] = `
<div>
  <Link
    replace={false}
    to="edit/1"
  >
    <h3>
      January
    </h3>
  </Link>
  <p>
    created at-
    1300
  </p>
  <p>
    amount -
    2000
  </p>
  <Connect(RemoveItem)
    id="1"
  />
  <br />
</div>
`;
