// Jest Snapshot v1, https://goo.gl/fbAQLP

exports[`should render HEADER component correctly 1`] = `
<div>
  <h1>
    Expensify
  </h1>
  <NavLink
    activeClassName="selected"
    aria-current="page"
    exact={true}
    to="/"
  >
    Main page
  </NavLink>
  <NavLink
    activeClassName="selected"
    aria-current="page"
    to="/create"
  >
    Create Expense
  </NavLink>
  <NavLink
    activeClassName="selected"
    aria-current="page"
    to="/help"
  >
    Help
  </NavLink>
</div>
`;
