// Jest Snapshot v1, https://goo.gl/fbAQLP

exports[`should render HelpExpensePage component correctly 1`] = `
<div>
  This is the HelpExpensePage
</div>
`;
